// Jest Snapshot v1, https://goo.gl/fbAQLP

exports[`Header renders this 1`] = `
<header
  class="MuiPaper-root MuiAppBar-root MuiAppBar-positionStatic MuiAppBar-colorPrimary makeStyles-container-1 MuiPaper-elevation4"
>
  <a
    class="MuiTypography-root MuiLink-root MuiLink-underlineHover makeStyles-iconWrapper-2 MuiTypography-colorPrimary"
    href="/"
  >
    <svg
      aria-hidden="true"
      class="MuiSvgIcon-root MuiSvgIcon-fontSizeLarge"
      focusable="false"
      viewBox="0 0 24 24"
    >
      <path
        d="M10 20v-6h4v6h5v-8h3L12 3 2 12h3v8z"
      />
    </svg>
  </a>
  <h1
    class="MuiTypography-root MuiTypography-h4"
  >
    买股冷静期
  </h1>
  <a
    class="MuiTypography-root MuiLink-root MuiLink-underlineHover makeStyles-iconWrapper-2 MuiTypography-colorPrimary"
    href="/about"
  >
    <svg
      aria-hidden="true"
      class="MuiSvgIcon-root MuiSvgIcon-fontSizeLarge"
      focusable="false"
      viewBox="0 0 24 24"
    >
      <path
        d="M12 2C6.48 2 2 6.48 2 12s4.48 10 10 10 10-4.48 10-10S17.52 2 12 2zm1 15h-2v-6h2v6zm0-8h-2V7h2v2z"
      />
    </svg>
  </a>
</header>
`;
