// Jest Snapshot v1, https://goo.gl/fbAQLP

exports[`Header renders this 1`] = `
<div
  class="css-ftolpb"
>
  <a
    class="css-1b61pal"
    href="/"
    style="fill:white"
  >
    <i />
  </a>
  <h2
    class="css-1ny8w0d"
  >
    买股冷静期
  </h2>
  <a
    class="css-1b61pal"
    href="/about"
    style="fill:white"
  >
    <i />
  </a>
</div>
`;
