// Jest Snapshot v1, https://goo.gl/fbAQLP

exports[`HomePage renders this 1`] = `
<div
  class="MuiBox-root MuiBox-root-1"
>
  <div>
    Cards!
  </div>
  <div
    class="MuiBox-root MuiBox-root-2"
  >
    <button>
      <i>
        icon!
      </i>
    </button>
  </div>
  <div>
    sheet!
  </div>
</div>
`;
