// Jest Snapshot v1, https://goo.gl/fbAQLP

exports[`Form renders as follow 1`] = `
<form
  class="MuiBox-root MuiBox-root-3"
>
  <div
    class="MuiBox-root MuiBox-root-4 makeStyles-container-1"
  >
    <div>
      BasicInfo
    </div>
    <hr
      class="MuiDivider-root"
    />
    <div
      class="MuiBox-root MuiBox-root-5"
    >
      <div>
        Reason
      </div>
    </div>
    <hr
      class="MuiDivider-root"
    />
    <div
      class="MuiBox-root MuiBox-root-6"
    >
      <div>
        PriceExplain
      </div>
    </div>
    <hr
      class="MuiDivider-root"
    />
    <div
      class="MuiBox-root MuiBox-root-7"
    >
      <div>
        StrategyPanel
      </div>
    </div>
  </div>
  <button
    class="MuiButtonBase-root MuiButton-root makeStyles-button-2 MuiButton-contained MuiButton-containedPrimary MuiButton-fullWidth"
    tabindex="0"
    type="submit"
  >
    <span
      class="MuiButton-label"
    >
      买！买！买！
    </span>
    <span
      class="MuiTouchRipple-root"
    />
  </button>
</form>
`;
