// Jest Snapshot v1, https://goo.gl/fbAQLP

exports[`Footer renders it 1`] = `
<footer
  class="css-tyqq70"
>
  <a
    class="css-14bkk3g"
    href="https://weibo.com/hinanawi"
    target="__blank"
  >
    <i />
  </a>
  <a
    class="css-14bkk3g"
    href="https://github.com/fa93hws/"
    target="__blank"
  >
    <i />
  </a>
  <a
    class="css-14bkk3g"
    href="https://github.com/fa93hws/open-position-cooldown"
    target="__blank"
  >
    <i />
  </a>
</footer>
`;
